<testsuites id="" name="" tests="3" failures="1" skipped="0" errors="0" time="73.75852400000001">
<testsuite name="Reporters.spec.js" timestamp="2023-10-18T19:19:51.796Z" hostname="chromium" tests="3" failures="1" skipped="0" time="57.79" errors="0">
<testcase name="Reporters test1" classname="Reporters.spec.js" time="28.481">
</testcase>
<testcase name="Test2" classname="Reporters.spec.js" time="17.817">
</testcase>
<testcase name="Test3" classname="Reporters.spec.js" time="11.492">
<failure message="Reporters.spec.js:12:1 Test3" type="FAILURE">
<![CDATA[  [chromium] › Reporters.spec.js:12:1 › Test3 ──────────────────────────────────────────────────────

    Error: Timed out 5000ms waiting for expect(locator).toHaveTitle(expected)

    Locator: locator(':root')
    Expected string: "nopCommerce demo stor"
    Received string: "nopCommerce demo store"
    Call log:
      - expect.toHaveTitle with timeout 5000ms
      - waiting for locator(':root')
      -   locator resolved to <html lang="en" dir="ltr" class="html-home-page">…</html>
      -   unexpected value "nopCommerce demo store"
      -   locator resolved to <html lang="en" dir="ltr" class="html-home-page">…</html>
      -   unexpected value "nopCommerce demo store"
      -   locator resolved to <html lang="en" dir="ltr" class="html-home-page">…</html>
      -   unexpected value "nopCommerce demo store"
      -   locator resolved to <html lang="en" dir="ltr" class="html-home-page">…</html>
      -   unexpected value "nopCommerce demo store"
      -   locator resolved to <html lang="en" dir="ltr" class="html-home-page">…</html>
      -   unexpected value "nopCommerce demo store"
      -   locator resolved to <html lang="en" dir="ltr" class="html-home-page">…</html>
      -   unexpected value "nopCommerce demo store"
      -   locator resolved to <html lang="en" dir="ltr" class="html-home-page">…</html>
      -   unexpected value "nopCommerce demo store"
      -   locator resolved to <html lang="en" dir="ltr" class="html-home-page">…</html>
      -   unexpected value "nopCommerce demo store"


      12 | test('Test3',async({page})=>{
      13 |     await page.goto('https://demo.nopcommerce.com/');
    > 14 |     await expect(page).toHaveTitle('nopCommerce demo stor');
         |                        ^
      15 | })
      16 |

        at C:\Users\navya\Desktop\Struggle\test\tests\Reporters.spec.js:14:24

    attachment #1: trace (application/zip) ─────────────────────────────────────────────────────────
    test-results\Reporters-Test3-chromium\trace.zip
    Usage:

        npx playwright show-trace test-results\Reporters-Test3-chromium\trace.zip

    ────────────────────────────────────────────────────────────────────────────────────────────────
]]>
</failure>
<system-out>
<![CDATA[
[[ATTACHMENT|test-results\Reporters-Test3-chromium\trace.zip]]
]]>
</system-out>
</testcase>
</testsuite>
</testsuites>